// Jest Snapshot v1, https://goo.gl/fbAQLP

exports[`Orders it should match snapshot: default 1`] = `
<Wrapped
  items={Array []}
  loadingMessage="Cargando..."
  selectedCellar={Object {}}
/>
`;
