// Jest Snapshot v1, https://goo.gl/fbAQLP

exports[`Orders it should asign right access token: default 1`] = `
<div
  className="login_wrapper"
>
  test
</div>
`;
