// Jest Snapshot v1, https://goo.gl/fbAQLP

exports[`Logout it should render logout button: default 1`] = `
<button
  className="btn btn-link ml-1"
  onClick={[Function]}
  role="button"
>
  Salir
</button>
`;
