// Jest Snapshot v1, https://goo.gl/fbAQLP

exports[`SearchInput it should render a seach box: default 1`] = `
<div
  className="form-group row no-gutters"
>
  <div
    className="col"
  >
    <div
      className="input-group mb-3"
    >
      <input
        className="form-control"
        id="search"
        onChange={[Function]}
        placeholder="ingresar bÃºsqueda"
        type="text"
        value=""
      />
      <div
        className="input-group-append"
      >
        <span
          className="input-group-text"
        >
          <i
            className="fas fa-search"
          />
        </span>
      </div>
    </div>
  </div>
  <div
    className="col-auto"
  >
    <button
      className="btn btn-link"
      onClick={[Function]}
      type="button"
    >
      <i
        className="fas fa-sync"
      />
    </button>
  </div>
</div>
`;
