// Jest Snapshot v1, https://goo.gl/fbAQLP

exports[`BarcodeScanner it should render properly: detault 1`] = `<Wrapped />`;
