// Jest Snapshot v1, https://goo.gl/fbAQLP

exports[`DashboardControls it should render properly: detault 1`] = `
<Fragment>
  <div
    className="col-4"
  >
    <SearchInput />
  </div>
  <div
    className="col-8 text-right"
  >
    <PickerClearButton
      onPickerClear={[Function]}
    />
    <PrintButton />
    <GenerateOrderButton
      onOrderGenerated={[Function]}
    />
    <LogoutButton />
  </div>
</Fragment>
`;
