// Jest Snapshot v1, https://goo.gl/fbAQLP

exports[`Dashboard it should render properly: detault 1`] = `
<DashboardLayout
  menu={
    <Stores
      cellarSelected={[Function]}
      onHQCellarLoaded={[Function]}
    />
  }
  menuTitle="1. Seleccion de tienda"
  table={
    <Stock
      selectedCellar={0}
    />
  }
  tableControls={
    <DashboardControls
      onSearchTermChange={[Function]}
      onSearchTypeChange={[Function]}
      selectedCellarID={0}
    />
  }
  tableDownControls={
    <o
      activeClassName="active"
      breakClassName="page-item"
      breakLabel="..."
      breakLinkClassName="page-link"
      containerClassName="pagination"
      disableInitialCallback={false}
      disabledClassName="disabled"
      eventListener="onClick"
      forcePage={0}
      marginPagesDisplayed={2}
      nextAriaLabel="Next page"
      nextClassName="page-item"
      nextLabel="siguiente"
      nextLinkClassName="page-link"
      onPageChange={[Function]}
      pageClassName="page-item"
      pageCount={10}
      pageLinkClassName="page-link"
      pageRangeDisplayed={5}
      previousAriaLabel="Previous page"
      previousClassName="page-item"
      previousLabel="anterior"
      previousLinkClassName="page-link"
    />
  }
  tableTitle="2. Productos"
  title="ReposiciÃ³n de inventario."
  toastMessage=""
/>
`;
