// Jest Snapshot v1, https://goo.gl/fbAQLP

exports[`DashboardLayout it should render properly: detault 1`] = `
<div
  className="container"
>
  <div
    className="row"
  >
    <h3
      className="dashboard_title col-12"
    />
  </div>
  <div
    className="row"
  >
    <div
      className="col-2"
    >
      <div
        className="subtitle"
      />
    </div>
    <div
      className="col-10"
    >
      <div
        className="row col-12"
      >
        <div
          className="subtitle col-6"
        />
        <div
          className="col-6"
        >
          <LogoutButton />
        </div>
      </div>
      <section
        className="controls col-12 row"
      />
    </div>
  </div>
</div>
`;
